


ARM Macro Assembler    Page 1 


    1 00000000         ; main.s
    2 00000000         ; Runs on any Cortex M processor
    3 00000000         ; A very simple first project implementing a random numb
                       er generator
    4 00000000         ; Daniel Valvano
    5 00000000         ; May 12, 2015
    6 00000000         
    7 00000000         ;  This example accompanies the book
    8 00000000         ;  "Embedded Systems: Introduction to Arm Cortex M Micro
                       controllers",
    9 00000000         ;  ISBN: 978-1469998749, Jonathan Valvano, copyright (c)
                        2015
   10 00000000         ;  Section 3.3.10, Program 3.12
   11 00000000         ;
   12 00000000         ;Copyright 2015 by Jonathan W. Valvano, valvano@mail.ute
                       xas.edu
   13 00000000         ;   You may use, edit, run or distribute this file
   14 00000000         ;   as long as the above copyright notice remains
   15 00000000         ;THIS SOFTWARE IS PROVIDED "AS IS".  NO WARRANTIES, WHET
                       HER EXPRESS, IMPLIED
   16 00000000         ;OR STATUTORY, INCLUDING, BUT NOT LIMITED TO, IMPLIED WA
                       RRANTIES OF
   17 00000000         ;MERCHANTABILITY AND FITNESS FOR A PARTICULAR PURPOSE AP
                       PLY TO THIS SOFTWARE.
   18 00000000         ;VALVANO SHALL NOT, IN ANY CIRCUMSTANCES, BE LIABLE FOR 
                       SPECIAL, INCIDENTAL,
   19 00000000         ;OR CONSEQUENTIAL DAMAGES, FOR ANY REASON WHATSOEVER.
   20 00000000         ;For more information about my classes, my research, and
                        my books, see
   21 00000000         ;http://users.ece.utexas.edu/~valvano/
   22 00000000         
   23 00000000         
   24 00000000         ; we align 32 bit variables to 32-bits
   25 00000000         ; we align op codes to 16 bits
   26 00000000                 THUMB
   27 00000000                 AREA             DATA, ALIGN=4
   28 00000000                 EXPORT           M [DATA,SIZE=4]
   29 00000000 00 00 00 
              00       M       SPACE            4
   30 00000004         
   31 00000004                 AREA             |.text|, CODE, READONLY, ALIGN=
2
   32 00000000                 EXPORT           Start
   33 00000000         
   34 00000000 FFFFFE00 
                       _512    DCD              -512
   35 00000004         Start
   36 00000004 F2AF 0008       ADR              r0, _512
   37 00000008 6800            LDR              r0, [r0]
   38 0000000A 1812            ADDS             r2, r2, r0
   39 0000000C EA92 2F04       TEQ              r2, r4, LSL #8
   40 00000010 F024 04F5       BIC              r4, #0xF5
   41 00000014 F04F 00FF       MOV              r0, #0xFF
   42 00000018 EA5F 2230       MOVS             r2, r0, ROR #8
   43 0000001C EA6F 12B0       MVN              r2, r0, ROR #6
   44 00000020 F022 0200       BIC              r2, r2, #0
   45 00000024                 ALIGN
   46 00000024                 END
Command Line: --debug --xref --diag_suppress=9931 --cpu=Cortex-M4 --apcs=interw



ARM Macro Assembler    Page 2 


ork --depend=.\main.d -o.\main.o -I.\RTE\_SimpleProject -IC:\Keil_v5\ARM\PACK\A
RM\CMSIS\5.4.0\CMSIS\Core\Include -IC:\Keil_v5\ARM\PACK\Keil\TM4C_DFP\1.1.0\Dev
ice\Include\TM4C123 --predefine="__EVAL SETA 1" --predefine="__UVISION_VERSION 
SETA 526" --predefine="_RTE_ SETA 1" --predefine="TM4C123GH6PM SETA 1" --list=.
\main.lst main.s



ARM Macro Assembler    Page 1 Alphabetic symbol ordering
Relocatable symbols

DATA 00000000

Symbol: DATA
   Definitions
      At line 27 in file main.s
   Uses
      None
Comment: DATA unused
M 00000000

Symbol: M
   Definitions
      At line 29 in file main.s
   Uses
      At line 28 in file main.s
Comment: M used once
2 symbols



ARM Macro Assembler    Page 1 Alphabetic symbol ordering
Relocatable symbols

.text 00000000

Symbol: .text
   Definitions
      At line 31 in file main.s
   Uses
      None
Comment: .text unused
Start 00000004

Symbol: Start
   Definitions
      At line 35 in file main.s
   Uses
      At line 32 in file main.s
Comment: Start used once
_512 00000000

Symbol: _512
   Definitions
      At line 34 in file main.s
   Uses
      At line 36 in file main.s
Comment: _512 used once
3 symbols
339 symbols in table
