


ARM Macro Assembler    Page 1 


    1 00000000         ; r0 - r7 := General Purpose
    2 00000000         ; r6 -> calculated LSW
    3 00000000         ; r7 -> calculated MSW
    4 00000000         ; r8 -> carry from word one -> 2
    5 00000000         ; r9 := address of first
    6 00000000         ; r10:= address of second word
    7 00000000         
    8 00000000                 THUMB
    9 00000000                 AREA             DATA, ALIGN=4
   10 00000000                 EXPORT           M [DATA,SIZE=4]
   11 00000000 00 00 00 
              00       M       SPACE            4
   12 00000004         
   13 00000004                 AREA             |.text|, CODE, READONLY, ALIGN=
2
   14 00000000                 EXPORT           Start
   15 00000000         Start
   16 00000000         
   17 00000000 00F234E1 
                       first   DCD              0x00F234E1
   18 00000004 F9265EAC        DCD              0xF9265EAC
   19 00000008 5729D472 
                       second  DCD              0x5729D472
   20 0000000C A5296101        DCD              0xA5296101
   21 00000010         
   22 00000010         begin
   23 00000010 F2AF 0914       ADR              r9, first
   24 00000014 F2AF 0A10       ADR              r10, second
   25 00000018         
   26 00000018         add_LSW
   27 00000018 F109 0004       ADD              r0, r9, #4
   28 0000001C 6801            LDR              r1, [r0]
   29 0000001E F10A 0004       ADD              r0, r10, #4
   30 00000022 6802            LDR              r2, [r0]
   31 00000024 188E            ADDS             r6, r1, r2
   32 00000026 F8D9 1000       LDR              r1, [r9]
   33 0000002A F8DA 2000       LDR              r2, [r10]
   34 0000002E EB01 0702       ADD              r7, r1, r2
   35 00000032 BF28 F117 
              0701             ADDCSS           r7, r7, #1
   36 00000038 E7FE            B                .
   37 0000003A 00 00           ALIGN
   38 0000003C                 END
Command Line: --debug --xref --diag_suppress=9931 --cpu=Cortex-M4 --apcs=interw
ork --depend=.\main.d -o.\main.o -I.\RTE\_SimpleProject -IC:\Keil_v5\ARM\PACK\A
RM\CMSIS\5.4.0\CMSIS\Core\Include -IC:\Keil_v5\ARM\PACK\Keil\TM4C_DFP\1.1.0\Dev
ice\Include\TM4C123 --predefine="__EVAL SETA 1" --predefine="__UVISION_VERSION 
SETA 526" --predefine="_RTE_ SETA 1" --predefine="TM4C123GH6PM SETA 1" --list=.
\main.lst main.s



ARM Macro Assembler    Page 1 Alphabetic symbol ordering
Relocatable symbols

DATA 00000000

Symbol: DATA
   Definitions
      At line 9 in file main.s
   Uses
      None
Comment: DATA unused
M 00000000

Symbol: M
   Definitions
      At line 11 in file main.s
   Uses
      At line 10 in file main.s
Comment: M used once
2 symbols



ARM Macro Assembler    Page 1 Alphabetic symbol ordering
Relocatable symbols

.text 00000000

Symbol: .text
   Definitions
      At line 13 in file main.s
   Uses
      None
Comment: .text unused
Start 00000000

Symbol: Start
   Definitions
      At line 15 in file main.s
   Uses
      At line 14 in file main.s
Comment: Start used once
add_LSW 00000018

Symbol: add_LSW
   Definitions
      At line 26 in file main.s
   Uses
      None
Comment: add_LSW unused
begin 00000010

Symbol: begin
   Definitions
      At line 22 in file main.s
   Uses
      None
Comment: begin unused
first 00000000

Symbol: first
   Definitions
      At line 17 in file main.s
   Uses
      At line 23 in file main.s
Comment: first used once
second 00000008

Symbol: second
   Definitions
      At line 19 in file main.s
   Uses
      At line 24 in file main.s
Comment: second used once
6 symbols
342 symbols in table
